<div class="table-container align-middle min-w-full overflow-hidden overflow-x-auto relative shadow sm:rounded-lg"
>
    <table class="table | min-w-full divide-y divide-blue-gray-200">
                    <thead role="rowgroup">
                <tr>
            <th>My heading</th>
        </tr>
            </thead>
        
        <tbody
            role="rowgroup" class=""
        >
            <tr>
        <td>My row</td>
    </tr>
        </tbody>
    </table>
</div>
