<div class="table-container align-middle min-w-full overflow-hidden overflow-x-auto relative shadow sm:rounded-lg"
>
    <table class="table | min-w-full divide-y divide-blue-gray-200">
        
        <tbody
            role="rowgroup" class=""
        >
            
        </tbody>
    </table>
</div>
