<tr
 role="row" class="odd:bg-white even:bg-blue-gray-50 my-extra-class"
>
    
</tr>
