<div role="alert" >
                    <span>Hello world</span>
    Form was successfully submitted.
            </div>
