<!DOCTYPE html>
<html lang="en">
    <head>
        
        <meta charset="utf-8">
<meta name="viewport" content="width=device-width, initial-scale=1">
<meta http-equiv="x-ua-compatible" content="ie=edge">
<meta name="csrf-token" content="">
        <title>Laravel</title>

        
    </head>
    <body >
        
    </body>
</html>
