<!DOCTYPE html>
<html lang="en" class="my-html-class" data-foo="bar">
    <head>
        <link rel="icon" href="favicon.ico" />
        <meta charset="utf-8">
<meta name="viewport" content="width=device-width, initial-scale=1">
<meta http-equiv="x-ua-compatible" content="ie=edge">
<meta name="csrf-token" content="">
        <title>Laravel</title>

        
    </head>
    <body class="my-body-class">
        <div>My content</div>
    </body>
</html>
