<a href="http://acme.test/foo"
      class="app-link"
>
   my link
</a>
